<testsuite errors="0" failures="0" name="Django Project Tests" skips="0" tests="50" time="2.594"><testcase classname="cbc.tests.test_forms.TestFormsCBC" name="test_form_is_valid_blood_smear" time="0.064878" /><testcase classname="cbc.tests.test_forms.TestFormsCBC" name="test_form_is_valid_five_diff" time="0.020151" /><testcase classname="cbc.tests.test_forms.TestFormsCBC" name="test_form_is_valid_three_diff" time="0.014245" /><testcase classname="cbc.tests.test_models.TestModelCBC" name="test_model_index_allergy_absolute" time="0.367858" /><testcase classname="cbc.tests.test_models.TestModelCBC" name="test_model_index_allergy_relative" time="0.045710" /><testcase classname="cbc.tests.test_models.TestModelCBC" name="test_model_index_intoxicationKK_absolute" time="0.063532" /><testcase classname="cbc.tests.test_models.TestModelCBC" name="test_model_index_intoxicationKK_relative" time="0.026457" /><testcase classname="cbc.tests.test_models.TestModelCBC" name="test_model_index_intoxicationO_absolute" time="0.018218" /><testcase classname="cbc.tests.test_models.TestModelCBC" name="test_model_index_intoxicationO_relative" time="0.028763" /><testcase classname="cbc.tests.test_models.TestModelCBC" name="test_model_index_nuclear_absolute" time="0.029649" /><testcase classname="cbc.tests.test_models.TestModelCBC" name="test_model_index_nuclear_relative" time="0.017626" /><testcase classname="cbc.tests.test_models.TestModelCBC" name="test_model_index_shift_absolute" time="0.022565" /><testcase classname="cbc.tests.test_models.TestModelCBC" name="test_model_index_shift_relative" time="0.019694" /><testcase classname="cbc.tests.test_views.TestViewsBloodSmear" name="test_view_cbc_blood_smear_create" time="0.109957" /><testcase classname="cbc.tests.test_views.TestViewsBloodSmear" name="test_view_cbc_blood_smear_detail" time="0.050030" /><testcase classname="cbc.tests.test_views.TestViewsBloodSmear" name="test_view_cbc_blood_smear_update" time="0.041593" /><testcase classname="cbc.tests.test_views.TestViewsFiveDiff" name="test_view_cbc_five_diff_create" time="0.062677" /><testcase classname="cbc.tests.test_views.TestViewsFiveDiff" name="test_view_cbc_five_diff_detail" time="0.098281" /><testcase classname="cbc.tests.test_views.TestViewsFiveDiff" name="test_view_cbc_five_diff_update" time="0.059444" /><testcase classname="cbc.tests.test_views.TestViewsGeneral" name="test_view_cbc_chart_common" time="0.104765" /><testcase classname="cbc.tests.test_views.TestViewsGeneral" name="test_view_cbc_chart_diff" time="0.084720" /><testcase classname="cbc.tests.test_views.TestViewsGeneral" name="test_view_cbc_chart_index" time="0.081919" /><testcase classname="cbc.tests.test_views.TestViewsGeneral" name="test_view_cbc_delete" time="0.072758" /><testcase classname="cbc.tests.test_views.TestViewsGeneral" name="test_view_cbc_list" time="0.059848" /><testcase classname="cbc.tests.test_views.TestViewsGeneral" name="test_view_home" time="0.125766" /><testcase classname="cbc.tests.test_views.TestViewsThreeDiff" name="test_view_cbc_three_diff_create" time="0.072205" /><testcase classname="cbc.tests.test_views.TestViewsThreeDiff" name="test_view_cbc_three_diff_detail" time="0.052277" /><testcase classname="cbc.tests.test_views.TestViewsThreeDiff" name="test_view_cbc_three_diff_update" time="0.066552" /><testcase classname="patient.tests.test_forms.TestFormsPatient" name="test_form_email_exists" time="0.045379" /><testcase classname="patient.tests.test_forms.TestFormsPatient" name="test_form_user_exists" time="0.014761" /><testcase classname="patient.tests.test_models.TestModelPatient" name="test_model_patient_age" time="0.109715" /><testcase classname="patient.tests.test_views.TestViewsPatient" name="test_view_patient_edit_profile" time="0.045787" /><testcase classname="cbc.tests.test_urls.TestUrlsBloodSmear" name="test_url_cbc_blood_smear_create" time="0.000372" /><testcase classname="cbc.tests.test_urls.TestUrlsBloodSmear" name="test_url_cbc_blood_smear_detail" time="0.000428" /><testcase classname="cbc.tests.test_urls.TestUrlsBloodSmear" name="test_url_cbc_blood_smear_update" time="0.000379" /><testcase classname="cbc.tests.test_urls.TestUrlsChart" name="test_url_cbc_chart_common" time="0.000313" /><testcase classname="cbc.tests.test_urls.TestUrlsChart" name="test_url_cbc_chart_diff" time="0.000353" /><testcase classname="cbc.tests.test_urls.TestUrlsChart" name="test_url_cbc_chart_index" time="0.000277" /><testcase classname="cbc.tests.test_urls.TestUrlsFiveDiff" name="test_url_cbc_five_diff_create" time="0.000239" /><testcase classname="cbc.tests.test_urls.TestUrlsFiveDiff" name="test_url_cbc_five_diff_detail" time="0.000331" /><testcase classname="cbc.tests.test_urls.TestUrlsFiveDiff" name="test_url_cbc_five_diff_update" time="0.000228" /><testcase classname="cbc.tests.test_urls.TestUrlsGeneral" name="test_url_cbc_delete" time="0.000205" /><testcase classname="cbc.tests.test_urls.TestUrlsGeneral" name="test_url_cbc_list" time="0.000192" /><testcase classname="cbc.tests.test_urls.TestUrlsGeneral" name="test_url_home" time="0.000386" /><testcase classname="cbc.tests.test_urls.TestUrlsThreeDiff" name="test_url_cbc_three_diff_create" time="0.000216" /><testcase classname="cbc.tests.test_urls.TestUrlsThreeDiff" name="test_url_cbc_three_diff_detail" time="0.000209" /><testcase classname="cbc.tests.test_urls.TestUrlsThreeDiff" name="test_url_cbc_three_diff_update" time="0.000209" /><testcase classname="patient.tests.test_urls.TestUrlsPatient" name="test_url_patient_edit_profile" time="0.000297" /><testcase classname="patient.tests.test_urls.TestUrlsPatient" name="test_url_patient_login" time="0.000324" /><testcase classname="patient.tests.test_urls.TestUrlsPatient" name="test_url_patient_register" time="0.000250" /></testsuite>